+ analyze_power_grid -net VDD -voltage_file /home/ratishgupta/vlsi/blueprints/librelane/runs/RUN_2026-09-02_07-05-44/57-openroad-irdropreport/net-VDD.csv
[INFO PSM-0040] All shapes on net VDD are connected.
########## IR report #################
Net              : VDD
Corner           : nom_tt_025C_3v30
Total power      : 1.26e-02 W
Supply voltage   : 3.30e+00 V
Worstcase voltage: 3.30e+00 V
Average voltage  : 3.30e+00 V
Average IR drop  : 1.93e-05 V
Worstcase IR drop: 1.42e-04 V
Percentage drop  : 0.00 %
######################################
+ analyze_power_grid -net VSS -voltage_file /home/ratishgupta/vlsi/blueprints/librelane/runs/RUN_2026-09-02_07-05-44/57-openroad-irdropreport/net-VSS.csv
[INFO PSM-0040] All shapes on net VSS are connected.
########## IR report #################
Net              : VSS
Corner           : nom_tt_025C_3v30
Total power      : 1.26e-02 W
Supply voltage   : 0.00e+00 V
Worstcase voltage: 2.25e-04 V
Average voltage  : 1.97e-05 V
Average IR drop  : 1.97e-05 V
Worstcase IR drop: 2.25e-04 V
Percentage drop  : 0.01 %
######################################
