┏━━━━━━━━━━━━━━━━━━━━━━┳━━━━━━━━━━┳━━━━━━━━━━┳━━━━━━━━━━┳━━━━━━━━━━┳━━━━━━━━━━━┳━━━━━━━━━━┳━━━━━━━━━━━┳━━━━━━━━━━┳━━━━━━━━━━━┳━━━━━━━━━━┳━━━━━━━━━━━┳━━━━━━━━━━┓
┃                      ┃ Hold     ┃ Reg to   ┃          ┃          ┃ of which  ┃ Setup    ┃           ┃          ┃           ┃ of which ┃           ┃          ┃
┃                      ┃ Worst    ┃ Reg      ┃          ┃ Hold Vio ┃ reg to    ┃ Worst    ┃ Reg to    ┃ Setup    ┃ Setup Vio ┃ reg to   ┃ Max Cap   ┃ Max Slew ┃
┃ Corner/Group         ┃ Slack    ┃ Paths    ┃ Hold TNS ┃ Count    ┃ reg       ┃ Slack    ┃ Reg Paths ┃ TNS      ┃ Count     ┃ reg      ┃ Violatio… ┃ Violati… ┃
┡━━━━━━━━━━━━━━━━━━━━━━╇━━━━━━━━━━╇━━━━━━━━━━╇━━━━━━━━━━╇━━━━━━━━━━╇━━━━━━━━━━━╇━━━━━━━━━━╇━━━━━━━━━━━╇━━━━━━━━━━╇━━━━━━━━━━━╇━━━━━━━━━━╇━━━━━━━━━━━╇━━━━━━━━━━┩
│ Overall              │ 0.3036   │ 0.3332   │ 0.0000   │ 0        │ 0         │ 20.5358  │ 20.5358   │ 0.0000   │ 0         │ 0        │ 0         │ 0        │
│ nom_tt_025C_3v30     │ 0.4878   │ 0.5001   │ 0.0000   │ 0        │ 0         │ 25.6992  │ 25.6992   │ 0.0000   │ 0         │ 0        │ 0         │ 0        │
│ min_tt_025C_3v30     │ 0.4908   │ 0.4908   │ 0.0000   │ 0        │ 0         │ 25.8169  │ 25.8169   │ 0.0000   │ 0         │ 0        │ 0         │ 0        │
│ max_tt_025C_3v30     │ 0.4723   │ 0.5017   │ 0.0000   │ 0        │ 0         │ 25.5580  │ 25.5580   │ 0.0000   │ 0         │ 0        │ 0         │ 0        │
│ nom_ff_n40C_3v60     │ 0.3166   │ 0.3412   │ 0.0000   │ 0        │ 0         │ 28.7003  │ 28.7826   │ 0.0000   │ 0         │ 0        │ 0         │ 0        │
│ min_ff_n40C_3v60     │ 0.3276   │ 0.3332   │ 0.0000   │ 0        │ 0         │ 28.7733  │ 28.8774   │ 0.0000   │ 0         │ 0        │ 0         │ 0        │
│ max_ff_n40C_3v60     │ 0.3036   │ 0.3449   │ 0.0000   │ 0        │ 0         │ 28.6133  │ 28.6701   │ 0.0000   │ 0         │ 0        │ 0         │ 0        │
│ nom_ss_125C_3v00     │ 0.7427   │ 0.7427   │ 0.0000   │ 0        │ 0         │ 20.7287  │ 20.7287   │ 0.0000   │ 0         │ 0        │ 0         │ 0        │
│ min_ss_125C_3v00     │ 0.7331   │ 0.7331   │ 0.0000   │ 0        │ 0         │ 20.8889  │ 20.8889   │ 0.0000   │ 0         │ 0        │ 0         │ 0        │
│ max_ss_125C_3v00     │ 0.7346   │ 0.7452   │ 0.0000   │ 0        │ 0         │ 20.5358  │ 20.5358   │ 0.0000   │ 0         │ 0        │ 0         │ 0        │
└──────────────────────┴──────────┴──────────┴──────────┴──────────┴───────────┴──────────┴───────────┴──────────┴───────────┴──────────┴───────────┴──────────┘
